// Jest Snapshot v1, https://goo.gl/fbAQLP

exports[`Blob Header Default Actions rendering matches the snapshot 1`] = `
<div
  class="file-title-flex-parent js-file-title"
>
  <div
    class="gl-display-flex"
  >
    <table-of-contents-stub
      class="gl-pr-2"
    />
    <blob-filepath-stub
      blob="[object Object]"
      showpath="true"
    />
  </div>
  <div
    class="file-actions gl-display-flex gl-flex-wrap"
  >
    <viewer-switcher-stub
      docicon="document"
      value="simple"
    />
    <default-actions-stub
      activeviewer="simple"
      rawpath="https://testing.com/flightjs/flight/snippets/51/raw"
    />
  </div>
</div>
`;
